ERROR - 2026-05-13 09:25:31 --> table conges has no column named updated_at
in SYSTEMPATH/Database/SQLite3/Connection.php on line 163.
 1 SYSTEMPATH/Database/SQLite3/Connection.php(163): SQLite3->exec('INSERT INTO `conges` (`employe_id`, `type_conge_id`, `date_debut`, `date_fin`, `motif`, `statut`, `created_at`, `updated_at`) VALUES (3, \'1\', \'2026-05-08\', \'2026-05-14\', \'Marary\', \'en_attente\', \'2026-05-13 09:25:31\', \'2026-05-13 09:25:31\')')
 2 SYSTEMPATH/Database/BaseConnection.php(910): CodeIgniter\Database\SQLite3\Connection->execute('INSERT INTO `conges` (`employe_id`, `type_conge_id`, `date_debut`, `date_fin`, `motif`, `statut`, `created_at`, `updated_at`) VALUES (3, \'1\', \'2026-05-08\', \'2026-05-14\', \'Marary\', \'en_attente\', \'2026-05-13 09:25:31\', \'2026-05-13 09:25:31\')')
 3 SYSTEMPATH/Database/BaseConnection.php(827): CodeIgniter\Database\BaseConnection->simpleQuery('INSERT INTO `conges` (`employe_id`, `type_conge_id`, `date_debut`, `date_fin`, `motif`, `statut`, `created_at`, `updated_at`) VALUES (3, \'1\', \'2026-05-08\', \'2026-05-14\', \'Marary\', \'en_attente\', \'2026-05-13 09:25:31\', \'2026-05-13 09:25:31\')')
 4 SYSTEMPATH/Database/BaseBuilder.php(2345): CodeIgniter\Database\BaseConnection->query('INSERT INTO `conges` (`employe_id`, `type_conge_id`, `date_debut`, `date_fin`, `motif`, `statut`, `created_at`, `updated_at`) VALUES (:employe_id:, :type_conge_id:, :date_debut:, :date_fin:, :motif:, :statut:, :created_at:, :updated_at:)', [...], false)
 5 SYSTEMPATH/Model.php(355): CodeIgniter\Database\BaseBuilder->insert()
 6 SYSTEMPATH/BaseModel.php(899): CodeIgniter\Model->doInsert([...])
 7 SYSTEMPATH/Model.php(668): CodeIgniter\BaseModel->insert([...], true)
 8 APPPATH/Models/CongeModel.php(108): CodeIgniter\Model->insert([...])
 9 APPPATH/Controllers/EmployeController.php(117): App\Models\CongeModel->createDemande([...])
10 SYSTEMPATH/CodeIgniter.php(951): App\Controllers\EmployeController->store()
11 SYSTEMPATH/CodeIgniter.php(497): CodeIgniter\CodeIgniter->runController(Object(App\Controllers\EmployeController))
12 SYSTEMPATH/CodeIgniter.php(340): CodeIgniter\CodeIgniter->handleRequest(null, Object(Config\Cache), false)
13 SYSTEMPATH/Boot.php(417): CodeIgniter\CodeIgniter->run()
14 SYSTEMPATH/Boot.php(68): CodeIgniter\Boot::runCodeIgniter(Object(CodeIgniter\CodeIgniter))
15 FCPATH/index.php(59): CodeIgniter\Boot::bootWeb(Object(Config\Paths))
16 SYSTEMPATH/rewrite.php(44): require_once('/home/njary/Documents/S4/SI(Mr Rojo)/RH-Techmada/public/index.php')
CRITICAL - 2026-05-13 09:25:31 --> CodeIgniter\Database\Exceptions\DatabaseException: table conges has no column named updated_at
[Method: POST, Route: employe/demandes/new]
in SYSTEMPATH/Database/BaseConnection.php on line 865.
 1 SYSTEMPATH/Database/BaseBuilder.php(2345): CodeIgniter\Database\BaseConnection->query('INSERT INTO `conges` (`employe_id`, `type_conge_id`, `date_debut`, `date_fin`, `motif`, `statut`, `created_at`, `updated_at`) VALUES (:employe_id:, :type_conge_id:, :date_debut:, :date_fin:, :motif:, :statut:, :created_at:, :updated_at:)', [...], false)
 2 SYSTEMPATH/Model.php(355): CodeIgniter\Database\BaseBuilder->insert()
 3 SYSTEMPATH/BaseModel.php(899): CodeIgniter\Model->doInsert([...])
 4 SYSTEMPATH/Model.php(668): CodeIgniter\BaseModel->insert([...], true)
 5 APPPATH/Models/CongeModel.php(108): CodeIgniter\Model->insert([...])
 6 APPPATH/Controllers/EmployeController.php(117): App\Models\CongeModel->createDemande([...])
 7 SYSTEMPATH/CodeIgniter.php(951): App\Controllers\EmployeController->store()
 8 SYSTEMPATH/CodeIgniter.php(497): CodeIgniter\CodeIgniter->runController(Object(App\Controllers\EmployeController))
 9 SYSTEMPATH/CodeIgniter.php(340): CodeIgniter\CodeIgniter->handleRequest(null, Object(Config\Cache), false)
10 SYSTEMPATH/Boot.php(417): CodeIgniter\CodeIgniter->run()
11 SYSTEMPATH/Boot.php(68): CodeIgniter\Boot::runCodeIgniter(Object(CodeIgniter\CodeIgniter))
12 FCPATH/index.php(59): CodeIgniter\Boot::bootWeb(Object(Config\Paths))
13 SYSTEMPATH/rewrite.php(44): require_once('/home/njary/Documents/S4/SI(Mr Rojo)/RH-Techmada/public/index.php')
CRITICAL - 2026-05-13 09:25:31 --> [Caused by] CodeIgniter\Database\Exceptions\DatabaseException: table conges has no column named updated_at
in SYSTEMPATH/Database/SQLite3/Connection.php on line 174.
 1 SYSTEMPATH/Database/BaseConnection.php(910): CodeIgniter\Database\SQLite3\Connection->execute('INSERT INTO `conges` (`employe_id`, `type_conge_id`, `date_debut`, `date_fin`, `motif`, `statut`, `created_at`, `updated_at`) VALUES (3, \'1\', \'2026-05-08\', \'2026-05-14\', \'Marary\', \'en_attente\', \'2026-05-13 09:25:31\', \'2026-05-13 09:25:31\')')
 2 SYSTEMPATH/Database/BaseConnection.php(827): CodeIgniter\Database\BaseConnection->simpleQuery('INSERT INTO `conges` (`employe_id`, `type_conge_id`, `date_debut`, `date_fin`, `motif`, `statut`, `created_at`, `updated_at`) VALUES (3, \'1\', \'2026-05-08\', \'2026-05-14\', \'Marary\', \'en_attente\', \'2026-05-13 09:25:31\', \'2026-05-13 09:25:31\')')
 3 SYSTEMPATH/Database/BaseBuilder.php(2345): CodeIgniter\Database\BaseConnection->query('INSERT INTO `conges` (`employe_id`, `type_conge_id`, `date_debut`, `date_fin`, `motif`, `statut`, `created_at`, `updated_at`) VALUES (:employe_id:, :type_conge_id:, :date_debut:, :date_fin:, :motif:, :statut:, :created_at:, :updated_at:)', [...], false)
 4 SYSTEMPATH/Model.php(355): CodeIgniter\Database\BaseBuilder->insert()
 5 SYSTEMPATH/BaseModel.php(899): CodeIgniter\Model->doInsert([...])
 6 SYSTEMPATH/Model.php(668): CodeIgniter\BaseModel->insert([...], true)
 7 APPPATH/Models/CongeModel.php(108): CodeIgniter\Model->insert([...])
 8 APPPATH/Controllers/EmployeController.php(117): App\Models\CongeModel->createDemande([...])
 9 SYSTEMPATH/CodeIgniter.php(951): App\Controllers\EmployeController->store()
10 SYSTEMPATH/CodeIgniter.php(497): CodeIgniter\CodeIgniter->runController(Object(App\Controllers\EmployeController))
11 SYSTEMPATH/CodeIgniter.php(340): CodeIgniter\CodeIgniter->handleRequest(null, Object(Config\Cache), false)
12 SYSTEMPATH/Boot.php(417): CodeIgniter\CodeIgniter->run()
13 SYSTEMPATH/Boot.php(68): CodeIgniter\Boot::runCodeIgniter(Object(CodeIgniter\CodeIgniter))
14 FCPATH/index.php(59): CodeIgniter\Boot::bootWeb(Object(Config\Paths))
15 SYSTEMPATH/rewrite.php(44): require_once('/home/njary/Documents/S4/SI(Mr Rojo)/RH-Techmada/public/index.php')
CRITICAL - 2026-05-13 09:25:31 --> [Caused by] Exception: table conges has no column named updated_at
in SYSTEMPATH/Database/SQLite3/Connection.php on line 163.
 1 SYSTEMPATH/Database/SQLite3/Connection.php(163): SQLite3->exec('INSERT INTO `conges` (`employe_id`, `type_conge_id`, `date_debut`, `date_fin`, `motif`, `statut`, `created_at`, `updated_at`) VALUES (3, \'1\', \'2026-05-08\', \'2026-05-14\', \'Marary\', \'en_attente\', \'2026-05-13 09:25:31\', \'2026-05-13 09:25:31\')')
 2 SYSTEMPATH/Database/BaseConnection.php(910): CodeIgniter\Database\SQLite3\Connection->execute('INSERT INTO `conges` (`employe_id`, `type_conge_id`, `date_debut`, `date_fin`, `motif`, `statut`, `created_at`, `updated_at`) VALUES (3, \'1\', \'2026-05-08\', \'2026-05-14\', \'Marary\', \'en_attente\', \'2026-05-13 09:25:31\', \'2026-05-13 09:25:31\')')
 3 SYSTEMPATH/Database/BaseConnection.php(827): CodeIgniter\Database\BaseConnection->simpleQuery('INSERT INTO `conges` (`employe_id`, `type_conge_id`, `date_debut`, `date_fin`, `motif`, `statut`, `created_at`, `updated_at`) VALUES (3, \'1\', \'2026-05-08\', \'2026-05-14\', \'Marary\', \'en_attente\', \'2026-05-13 09:25:31\', \'2026-05-13 09:25:31\')')
 4 SYSTEMPATH/Database/BaseBuilder.php(2345): CodeIgniter\Database\BaseConnection->query('INSERT INTO `conges` (`employe_id`, `type_conge_id`, `date_debut`, `date_fin`, `motif`, `statut`, `created_at`, `updated_at`) VALUES (:employe_id:, :type_conge_id:, :date_debut:, :date_fin:, :motif:, :statut:, :created_at:, :updated_at:)', [...], false)
 5 SYSTEMPATH/Model.php(355): CodeIgniter\Database\BaseBuilder->insert()
 6 SYSTEMPATH/BaseModel.php(899): CodeIgniter\Model->doInsert([...])
 7 SYSTEMPATH/Model.php(668): CodeIgniter\BaseModel->insert([...], true)
 8 APPPATH/Models/CongeModel.php(108): CodeIgniter\Model->insert([...])
 9 APPPATH/Controllers/EmployeController.php(117): App\Models\CongeModel->createDemande([...])
10 SYSTEMPATH/CodeIgniter.php(951): App\Controllers\EmployeController->store()
11 SYSTEMPATH/CodeIgniter.php(497): CodeIgniter\CodeIgniter->runController(Object(App\Controllers\EmployeController))
12 SYSTEMPATH/CodeIgniter.php(340): CodeIgniter\CodeIgniter->handleRequest(null, Object(Config\Cache), false)
13 SYSTEMPATH/Boot.php(417): CodeIgniter\CodeIgniter->run()
14 SYSTEMPATH/Boot.php(68): CodeIgniter\Boot::runCodeIgniter(Object(CodeIgniter\CodeIgniter))
15 FCPATH/index.php(59): CodeIgniter\Boot::bootWeb(Object(Config\Paths))
16 SYSTEMPATH/rewrite.php(44): require_once('/home/njary/Documents/S4/SI(Mr Rojo)/RH-Techmada/public/index.php')
ERROR - 2026-05-13 09:30:08 --> table conges has no column named updated_at
in SYSTEMPATH/Database/SQLite3/Connection.php on line 163.
 1 SYSTEMPATH/Database/SQLite3/Connection.php(163): SQLite3->exec('INSERT INTO `conges` (`employe_id`, `type_conge_id`, `date_debut`, `date_fin`, `motif`, `statut`, `created_at`, `updated_at`) VALUES (3, \'1\', \'2026-05-13\', \'2026-05-14\', \'sadfdf\', \'en_attente\', \'2026-05-13 09:30:08\', \'2026-05-13 09:30:08\')')
 2 SYSTEMPATH/Database/BaseConnection.php(910): CodeIgniter\Database\SQLite3\Connection->execute('INSERT INTO `conges` (`employe_id`, `type_conge_id`, `date_debut`, `date_fin`, `motif`, `statut`, `created_at`, `updated_at`) VALUES (3, \'1\', \'2026-05-13\', \'2026-05-14\', \'sadfdf\', \'en_attente\', \'2026-05-13 09:30:08\', \'2026-05-13 09:30:08\')')
 3 SYSTEMPATH/Database/BaseConnection.php(827): CodeIgniter\Database\BaseConnection->simpleQuery('INSERT INTO `conges` (`employe_id`, `type_conge_id`, `date_debut`, `date_fin`, `motif`, `statut`, `created_at`, `updated_at`) VALUES (3, \'1\', \'2026-05-13\', \'2026-05-14\', \'sadfdf\', \'en_attente\', \'2026-05-13 09:30:08\', \'2026-05-13 09:30:08\')')
 4 SYSTEMPATH/Database/BaseBuilder.php(2345): CodeIgniter\Database\BaseConnection->query('INSERT INTO `conges` (`employe_id`, `type_conge_id`, `date_debut`, `date_fin`, `motif`, `statut`, `created_at`, `updated_at`) VALUES (:employe_id:, :type_conge_id:, :date_debut:, :date_fin:, :motif:, :statut:, :created_at:, :updated_at:)', [...], false)
 5 SYSTEMPATH/Model.php(355): CodeIgniter\Database\BaseBuilder->insert()
 6 SYSTEMPATH/BaseModel.php(899): CodeIgniter\Model->doInsert([...])
 7 SYSTEMPATH/Model.php(668): CodeIgniter\BaseModel->insert([...], true)
 8 APPPATH/Models/CongeModel.php(108): CodeIgniter\Model->insert([...])
 9 APPPATH/Controllers/EmployeController.php(117): App\Models\CongeModel->createDemande([...])
10 SYSTEMPATH/CodeIgniter.php(951): App\Controllers\EmployeController->store()
11 SYSTEMPATH/CodeIgniter.php(497): CodeIgniter\CodeIgniter->runController(Object(App\Controllers\EmployeController))
12 SYSTEMPATH/CodeIgniter.php(340): CodeIgniter\CodeIgniter->handleRequest(null, Object(Config\Cache), false)
13 SYSTEMPATH/Boot.php(417): CodeIgniter\CodeIgniter->run()
14 SYSTEMPATH/Boot.php(68): CodeIgniter\Boot::runCodeIgniter(Object(CodeIgniter\CodeIgniter))
15 FCPATH/index.php(59): CodeIgniter\Boot::bootWeb(Object(Config\Paths))
16 SYSTEMPATH/rewrite.php(44): require_once('/home/njary/Documents/S4/SI(Mr Rojo)/RH-Techmada/public/index.php')
CRITICAL - 2026-05-13 09:30:08 --> CodeIgniter\Database\Exceptions\DatabaseException: table conges has no column named updated_at
[Method: POST, Route: employe/demandes/new]
in SYSTEMPATH/Database/BaseConnection.php on line 865.
 1 SYSTEMPATH/Database/BaseBuilder.php(2345): CodeIgniter\Database\BaseConnection->query('INSERT INTO `conges` (`employe_id`, `type_conge_id`, `date_debut`, `date_fin`, `motif`, `statut`, `created_at`, `updated_at`) VALUES (:employe_id:, :type_conge_id:, :date_debut:, :date_fin:, :motif:, :statut:, :created_at:, :updated_at:)', [...], false)
 2 SYSTEMPATH/Model.php(355): CodeIgniter\Database\BaseBuilder->insert()
 3 SYSTEMPATH/BaseModel.php(899): CodeIgniter\Model->doInsert([...])
 4 SYSTEMPATH/Model.php(668): CodeIgniter\BaseModel->insert([...], true)
 5 APPPATH/Models/CongeModel.php(108): CodeIgniter\Model->insert([...])
 6 APPPATH/Controllers/EmployeController.php(117): App\Models\CongeModel->createDemande([...])
 7 SYSTEMPATH/CodeIgniter.php(951): App\Controllers\EmployeController->store()
 8 SYSTEMPATH/CodeIgniter.php(497): CodeIgniter\CodeIgniter->runController(Object(App\Controllers\EmployeController))
 9 SYSTEMPATH/CodeIgniter.php(340): CodeIgniter\CodeIgniter->handleRequest(null, Object(Config\Cache), false)
10 SYSTEMPATH/Boot.php(417): CodeIgniter\CodeIgniter->run()
11 SYSTEMPATH/Boot.php(68): CodeIgniter\Boot::runCodeIgniter(Object(CodeIgniter\CodeIgniter))
12 FCPATH/index.php(59): CodeIgniter\Boot::bootWeb(Object(Config\Paths))
13 SYSTEMPATH/rewrite.php(44): require_once('/home/njary/Documents/S4/SI(Mr Rojo)/RH-Techmada/public/index.php')
CRITICAL - 2026-05-13 09:30:08 --> [Caused by] CodeIgniter\Database\Exceptions\DatabaseException: table conges has no column named updated_at
in SYSTEMPATH/Database/SQLite3/Connection.php on line 174.
 1 SYSTEMPATH/Database/BaseConnection.php(910): CodeIgniter\Database\SQLite3\Connection->execute('INSERT INTO `conges` (`employe_id`, `type_conge_id`, `date_debut`, `date_fin`, `motif`, `statut`, `created_at`, `updated_at`) VALUES (3, \'1\', \'2026-05-13\', \'2026-05-14\', \'sadfdf\', \'en_attente\', \'2026-05-13 09:30:08\', \'2026-05-13 09:30:08\')')
 2 SYSTEMPATH/Database/BaseConnection.php(827): CodeIgniter\Database\BaseConnection->simpleQuery('INSERT INTO `conges` (`employe_id`, `type_conge_id`, `date_debut`, `date_fin`, `motif`, `statut`, `created_at`, `updated_at`) VALUES (3, \'1\', \'2026-05-13\', \'2026-05-14\', \'sadfdf\', \'en_attente\', \'2026-05-13 09:30:08\', \'2026-05-13 09:30:08\')')
 3 SYSTEMPATH/Database/BaseBuilder.php(2345): CodeIgniter\Database\BaseConnection->query('INSERT INTO `conges` (`employe_id`, `type_conge_id`, `date_debut`, `date_fin`, `motif`, `statut`, `created_at`, `updated_at`) VALUES (:employe_id:, :type_conge_id:, :date_debut:, :date_fin:, :motif:, :statut:, :created_at:, :updated_at:)', [...], false)
 4 SYSTEMPATH/Model.php(355): CodeIgniter\Database\BaseBuilder->insert()
 5 SYSTEMPATH/BaseModel.php(899): CodeIgniter\Model->doInsert([...])
 6 SYSTEMPATH/Model.php(668): CodeIgniter\BaseModel->insert([...], true)
 7 APPPATH/Models/CongeModel.php(108): CodeIgniter\Model->insert([...])
 8 APPPATH/Controllers/EmployeController.php(117): App\Models\CongeModel->createDemande([...])
 9 SYSTEMPATH/CodeIgniter.php(951): App\Controllers\EmployeController->store()
10 SYSTEMPATH/CodeIgniter.php(497): CodeIgniter\CodeIgniter->runController(Object(App\Controllers\EmployeController))
11 SYSTEMPATH/CodeIgniter.php(340): CodeIgniter\CodeIgniter->handleRequest(null, Object(Config\Cache), false)
12 SYSTEMPATH/Boot.php(417): CodeIgniter\CodeIgniter->run()
13 SYSTEMPATH/Boot.php(68): CodeIgniter\Boot::runCodeIgniter(Object(CodeIgniter\CodeIgniter))
14 FCPATH/index.php(59): CodeIgniter\Boot::bootWeb(Object(Config\Paths))
15 SYSTEMPATH/rewrite.php(44): require_once('/home/njary/Documents/S4/SI(Mr Rojo)/RH-Techmada/public/index.php')
CRITICAL - 2026-05-13 09:30:08 --> [Caused by] Exception: table conges has no column named updated_at
in SYSTEMPATH/Database/SQLite3/Connection.php on line 163.
 1 SYSTEMPATH/Database/SQLite3/Connection.php(163): SQLite3->exec('INSERT INTO `conges` (`employe_id`, `type_conge_id`, `date_debut`, `date_fin`, `motif`, `statut`, `created_at`, `updated_at`) VALUES (3, \'1\', \'2026-05-13\', \'2026-05-14\', \'sadfdf\', \'en_attente\', \'2026-05-13 09:30:08\', \'2026-05-13 09:30:08\')')
 2 SYSTEMPATH/Database/BaseConnection.php(910): CodeIgniter\Database\SQLite3\Connection->execute('INSERT INTO `conges` (`employe_id`, `type_conge_id`, `date_debut`, `date_fin`, `motif`, `statut`, `created_at`, `updated_at`) VALUES (3, \'1\', \'2026-05-13\', \'2026-05-14\', \'sadfdf\', \'en_attente\', \'2026-05-13 09:30:08\', \'2026-05-13 09:30:08\')')
 3 SYSTEMPATH/Database/BaseConnection.php(827): CodeIgniter\Database\BaseConnection->simpleQuery('INSERT INTO `conges` (`employe_id`, `type_conge_id`, `date_debut`, `date_fin`, `motif`, `statut`, `created_at`, `updated_at`) VALUES (3, \'1\', \'2026-05-13\', \'2026-05-14\', \'sadfdf\', \'en_attente\', \'2026-05-13 09:30:08\', \'2026-05-13 09:30:08\')')
 4 SYSTEMPATH/Database/BaseBuilder.php(2345): CodeIgniter\Database\BaseConnection->query('INSERT INTO `conges` (`employe_id`, `type_conge_id`, `date_debut`, `date_fin`, `motif`, `statut`, `created_at`, `updated_at`) VALUES (:employe_id:, :type_conge_id:, :date_debut:, :date_fin:, :motif:, :statut:, :created_at:, :updated_at:)', [...], false)
 5 SYSTEMPATH/Model.php(355): CodeIgniter\Database\BaseBuilder->insert()
 6 SYSTEMPATH/BaseModel.php(899): CodeIgniter\Model->doInsert([...])
 7 SYSTEMPATH/Model.php(668): CodeIgniter\BaseModel->insert([...], true)
 8 APPPATH/Models/CongeModel.php(108): CodeIgniter\Model->insert([...])
 9 APPPATH/Controllers/EmployeController.php(117): App\Models\CongeModel->createDemande([...])
10 SYSTEMPATH/CodeIgniter.php(951): App\Controllers\EmployeController->store()
11 SYSTEMPATH/CodeIgniter.php(497): CodeIgniter\CodeIgniter->runController(Object(App\Controllers\EmployeController))
12 SYSTEMPATH/CodeIgniter.php(340): CodeIgniter\CodeIgniter->handleRequest(null, Object(Config\Cache), false)
13 SYSTEMPATH/Boot.php(417): CodeIgniter\CodeIgniter->run()
14 SYSTEMPATH/Boot.php(68): CodeIgniter\Boot::runCodeIgniter(Object(CodeIgniter\CodeIgniter))
15 FCPATH/index.php(59): CodeIgniter\Boot::bootWeb(Object(Config\Paths))
16 SYSTEMPATH/rewrite.php(44): require_once('/home/njary/Documents/S4/SI(Mr Rojo)/RH-Techmada/public/index.php')
ERROR - 2026-05-13 09:33:18 --> NOT NULL constraint failed: conges.nb_jours
in SYSTEMPATH/Database/SQLite3/Connection.php on line 163.
 1 SYSTEMPATH/Database/SQLite3/Connection.php(163): SQLite3->exec('INSERT INTO `conges` (`employe_id`, `type_conge_id`, `date_debut`, `date_fin`, `motif`, `statut`) VALUES (3, \'1\', \'2026-05-14\', \'2026-05-15\', \'pk[\', \'en_attente\')')
 2 SYSTEMPATH/Database/BaseConnection.php(910): CodeIgniter\Database\SQLite3\Connection->execute('INSERT INTO `conges` (`employe_id`, `type_conge_id`, `date_debut`, `date_fin`, `motif`, `statut`) VALUES (3, \'1\', \'2026-05-14\', \'2026-05-15\', \'pk[\', \'en_attente\')')
 3 SYSTEMPATH/Database/BaseConnection.php(827): CodeIgniter\Database\BaseConnection->simpleQuery('INSERT INTO `conges` (`employe_id`, `type_conge_id`, `date_debut`, `date_fin`, `motif`, `statut`) VALUES (3, \'1\', \'2026-05-14\', \'2026-05-15\', \'pk[\', \'en_attente\')')
 4 SYSTEMPATH/Database/BaseBuilder.php(2345): CodeIgniter\Database\BaseConnection->query('INSERT INTO `conges` (`employe_id`, `type_conge_id`, `date_debut`, `date_fin`, `motif`, `statut`) VALUES (:employe_id:, :type_conge_id:, :date_debut:, :date_fin:, :motif:, :statut:)', [...], false)
 5 SYSTEMPATH/Model.php(355): CodeIgniter\Database\BaseBuilder->insert()
 6 SYSTEMPATH/BaseModel.php(899): CodeIgniter\Model->doInsert([...])
 7 SYSTEMPATH/Model.php(668): CodeIgniter\BaseModel->insert([...], true)
 8 APPPATH/Models/CongeModel.php(103): CodeIgniter\Model->insert([...])
 9 APPPATH/Controllers/EmployeController.php(117): App\Models\CongeModel->createDemande([...])
10 SYSTEMPATH/CodeIgniter.php(951): App\Controllers\EmployeController->store()
11 SYSTEMPATH/CodeIgniter.php(497): CodeIgniter\CodeIgniter->runController(Object(App\Controllers\EmployeController))
12 SYSTEMPATH/CodeIgniter.php(340): CodeIgniter\CodeIgniter->handleRequest(null, Object(Config\Cache), false)
13 SYSTEMPATH/Boot.php(417): CodeIgniter\CodeIgniter->run()
14 SYSTEMPATH/Boot.php(68): CodeIgniter\Boot::runCodeIgniter(Object(CodeIgniter\CodeIgniter))
15 FCPATH/index.php(59): CodeIgniter\Boot::bootWeb(Object(Config\Paths))
16 SYSTEMPATH/rewrite.php(44): require_once('/home/njary/Documents/S4/SI(Mr Rojo)/RH-Techmada/public/index.php')
CRITICAL - 2026-05-13 09:33:18 --> CodeIgniter\Database\Exceptions\DatabaseException: NOT NULL constraint failed: conges.nb_jours
[Method: POST, Route: employe/demandes/new]
in SYSTEMPATH/Database/BaseConnection.php on line 865.
 1 SYSTEMPATH/Database/BaseBuilder.php(2345): CodeIgniter\Database\BaseConnection->query('INSERT INTO `conges` (`employe_id`, `type_conge_id`, `date_debut`, `date_fin`, `motif`, `statut`) VALUES (:employe_id:, :type_conge_id:, :date_debut:, :date_fin:, :motif:, :statut:)', [...], false)
 2 SYSTEMPATH/Model.php(355): CodeIgniter\Database\BaseBuilder->insert()
 3 SYSTEMPATH/BaseModel.php(899): CodeIgniter\Model->doInsert([...])
 4 SYSTEMPATH/Model.php(668): CodeIgniter\BaseModel->insert([...], true)
 5 APPPATH/Models/CongeModel.php(103): CodeIgniter\Model->insert([...])
 6 APPPATH/Controllers/EmployeController.php(117): App\Models\CongeModel->createDemande([...])
 7 SYSTEMPATH/CodeIgniter.php(951): App\Controllers\EmployeController->store()
 8 SYSTEMPATH/CodeIgniter.php(497): CodeIgniter\CodeIgniter->runController(Object(App\Controllers\EmployeController))
 9 SYSTEMPATH/CodeIgniter.php(340): CodeIgniter\CodeIgniter->handleRequest(null, Object(Config\Cache), false)
10 SYSTEMPATH/Boot.php(417): CodeIgniter\CodeIgniter->run()
11 SYSTEMPATH/Boot.php(68): CodeIgniter\Boot::runCodeIgniter(Object(CodeIgniter\CodeIgniter))
12 FCPATH/index.php(59): CodeIgniter\Boot::bootWeb(Object(Config\Paths))
13 SYSTEMPATH/rewrite.php(44): require_once('/home/njary/Documents/S4/SI(Mr Rojo)/RH-Techmada/public/index.php')
CRITICAL - 2026-05-13 09:33:18 --> [Caused by] CodeIgniter\Database\Exceptions\DatabaseException: NOT NULL constraint failed: conges.nb_jours
in SYSTEMPATH/Database/SQLite3/Connection.php on line 174.
 1 SYSTEMPATH/Database/BaseConnection.php(910): CodeIgniter\Database\SQLite3\Connection->execute('INSERT INTO `conges` (`employe_id`, `type_conge_id`, `date_debut`, `date_fin`, `motif`, `statut`) VALUES (3, \'1\', \'2026-05-14\', \'2026-05-15\', \'pk[\', \'en_attente\')')
 2 SYSTEMPATH/Database/BaseConnection.php(827): CodeIgniter\Database\BaseConnection->simpleQuery('INSERT INTO `conges` (`employe_id`, `type_conge_id`, `date_debut`, `date_fin`, `motif`, `statut`) VALUES (3, \'1\', \'2026-05-14\', \'2026-05-15\', \'pk[\', \'en_attente\')')
 3 SYSTEMPATH/Database/BaseBuilder.php(2345): CodeIgniter\Database\BaseConnection->query('INSERT INTO `conges` (`employe_id`, `type_conge_id`, `date_debut`, `date_fin`, `motif`, `statut`) VALUES (:employe_id:, :type_conge_id:, :date_debut:, :date_fin:, :motif:, :statut:)', [...], false)
 4 SYSTEMPATH/Model.php(355): CodeIgniter\Database\BaseBuilder->insert()
 5 SYSTEMPATH/BaseModel.php(899): CodeIgniter\Model->doInsert([...])
 6 SYSTEMPATH/Model.php(668): CodeIgniter\BaseModel->insert([...], true)
 7 APPPATH/Models/CongeModel.php(103): CodeIgniter\Model->insert([...])
 8 APPPATH/Controllers/EmployeController.php(117): App\Models\CongeModel->createDemande([...])
 9 SYSTEMPATH/CodeIgniter.php(951): App\Controllers\EmployeController->store()
10 SYSTEMPATH/CodeIgniter.php(497): CodeIgniter\CodeIgniter->runController(Object(App\Controllers\EmployeController))
11 SYSTEMPATH/CodeIgniter.php(340): CodeIgniter\CodeIgniter->handleRequest(null, Object(Config\Cache), false)
12 SYSTEMPATH/Boot.php(417): CodeIgniter\CodeIgniter->run()
13 SYSTEMPATH/Boot.php(68): CodeIgniter\Boot::runCodeIgniter(Object(CodeIgniter\CodeIgniter))
14 FCPATH/index.php(59): CodeIgniter\Boot::bootWeb(Object(Config\Paths))
15 SYSTEMPATH/rewrite.php(44): require_once('/home/njary/Documents/S4/SI(Mr Rojo)/RH-Techmada/public/index.php')
CRITICAL - 2026-05-13 09:33:18 --> [Caused by] Exception: NOT NULL constraint failed: conges.nb_jours
in SYSTEMPATH/Database/SQLite3/Connection.php on line 163.
 1 SYSTEMPATH/Database/SQLite3/Connection.php(163): SQLite3->exec('INSERT INTO `conges` (`employe_id`, `type_conge_id`, `date_debut`, `date_fin`, `motif`, `statut`) VALUES (3, \'1\', \'2026-05-14\', \'2026-05-15\', \'pk[\', \'en_attente\')')
 2 SYSTEMPATH/Database/BaseConnection.php(910): CodeIgniter\Database\SQLite3\Connection->execute('INSERT INTO `conges` (`employe_id`, `type_conge_id`, `date_debut`, `date_fin`, `motif`, `statut`) VALUES (3, \'1\', \'2026-05-14\', \'2026-05-15\', \'pk[\', \'en_attente\')')
 3 SYSTEMPATH/Database/BaseConnection.php(827): CodeIgniter\Database\BaseConnection->simpleQuery('INSERT INTO `conges` (`employe_id`, `type_conge_id`, `date_debut`, `date_fin`, `motif`, `statut`) VALUES (3, \'1\', \'2026-05-14\', \'2026-05-15\', \'pk[\', \'en_attente\')')
 4 SYSTEMPATH/Database/BaseBuilder.php(2345): CodeIgniter\Database\BaseConnection->query('INSERT INTO `conges` (`employe_id`, `type_conge_id`, `date_debut`, `date_fin`, `motif`, `statut`) VALUES (:employe_id:, :type_conge_id:, :date_debut:, :date_fin:, :motif:, :statut:)', [...], false)
 5 SYSTEMPATH/Model.php(355): CodeIgniter\Database\BaseBuilder->insert()
 6 SYSTEMPATH/BaseModel.php(899): CodeIgniter\Model->doInsert([...])
 7 SYSTEMPATH/Model.php(668): CodeIgniter\BaseModel->insert([...], true)
 8 APPPATH/Models/CongeModel.php(103): CodeIgniter\Model->insert([...])
 9 APPPATH/Controllers/EmployeController.php(117): App\Models\CongeModel->createDemande([...])
10 SYSTEMPATH/CodeIgniter.php(951): App\Controllers\EmployeController->store()
11 SYSTEMPATH/CodeIgniter.php(497): CodeIgniter\CodeIgniter->runController(Object(App\Controllers\EmployeController))
12 SYSTEMPATH/CodeIgniter.php(340): CodeIgniter\CodeIgniter->handleRequest(null, Object(Config\Cache), false)
13 SYSTEMPATH/Boot.php(417): CodeIgniter\CodeIgniter->run()
14 SYSTEMPATH/Boot.php(68): CodeIgniter\Boot::runCodeIgniter(Object(CodeIgniter\CodeIgniter))
15 FCPATH/index.php(59): CodeIgniter\Boot::bootWeb(Object(Config\Paths))
16 SYSTEMPATH/rewrite.php(44): require_once('/home/njary/Documents/S4/SI(Mr Rojo)/RH-Techmada/public/index.php')
ERROR - 2026-05-13 09:34:50 --> NOT NULL constraint failed: conges.nb_jours
in SYSTEMPATH/Database/SQLite3/Connection.php on line 163.
 1 SYSTEMPATH/Database/SQLite3/Connection.php(163): SQLite3->exec('INSERT INTO `conges` (`employe_id`, `type_conge_id`, `date_debut`, `date_fin`, `motif`, `statut`) VALUES (3, \'1\', \'2026-05-03\', \'2026-05-15\', \'asff\', \'en_attente\')')
 2 SYSTEMPATH/Database/BaseConnection.php(910): CodeIgniter\Database\SQLite3\Connection->execute('INSERT INTO `conges` (`employe_id`, `type_conge_id`, `date_debut`, `date_fin`, `motif`, `statut`) VALUES (3, \'1\', \'2026-05-03\', \'2026-05-15\', \'asff\', \'en_attente\')')
 3 SYSTEMPATH/Database/BaseConnection.php(827): CodeIgniter\Database\BaseConnection->simpleQuery('INSERT INTO `conges` (`employe_id`, `type_conge_id`, `date_debut`, `date_fin`, `motif`, `statut`) VALUES (3, \'1\', \'2026-05-03\', \'2026-05-15\', \'asff\', \'en_attente\')')
 4 SYSTEMPATH/Database/BaseBuilder.php(2345): CodeIgniter\Database\BaseConnection->query('INSERT INTO `conges` (`employe_id`, `type_conge_id`, `date_debut`, `date_fin`, `motif`, `statut`) VALUES (:employe_id:, :type_conge_id:, :date_debut:, :date_fin:, :motif:, :statut:)', [...], false)
 5 SYSTEMPATH/Model.php(355): CodeIgniter\Database\BaseBuilder->insert()
 6 SYSTEMPATH/BaseModel.php(899): CodeIgniter\Model->doInsert([...])
 7 SYSTEMPATH/Model.php(668): CodeIgniter\BaseModel->insert([...], true)
 8 APPPATH/Models/CongeModel.php(103): CodeIgniter\Model->insert([...])
 9 APPPATH/Controllers/EmployeController.php(117): App\Models\CongeModel->createDemande([...])
10 SYSTEMPATH/CodeIgniter.php(951): App\Controllers\EmployeController->store()
11 SYSTEMPATH/CodeIgniter.php(497): CodeIgniter\CodeIgniter->runController(Object(App\Controllers\EmployeController))
12 SYSTEMPATH/CodeIgniter.php(340): CodeIgniter\CodeIgniter->handleRequest(null, Object(Config\Cache), false)
13 SYSTEMPATH/Boot.php(417): CodeIgniter\CodeIgniter->run()
14 SYSTEMPATH/Boot.php(68): CodeIgniter\Boot::runCodeIgniter(Object(CodeIgniter\CodeIgniter))
15 FCPATH/index.php(59): CodeIgniter\Boot::bootWeb(Object(Config\Paths))
16 SYSTEMPATH/rewrite.php(44): require_once('/home/njary/Documents/S4/SI(Mr Rojo)/RH-Techmada/public/index.php')
CRITICAL - 2026-05-13 09:34:50 --> CodeIgniter\Database\Exceptions\DatabaseException: NOT NULL constraint failed: conges.nb_jours
[Method: POST, Route: employe/demandes/new]
in SYSTEMPATH/Database/BaseConnection.php on line 865.
 1 SYSTEMPATH/Database/BaseBuilder.php(2345): CodeIgniter\Database\BaseConnection->query('INSERT INTO `conges` (`employe_id`, `type_conge_id`, `date_debut`, `date_fin`, `motif`, `statut`) VALUES (:employe_id:, :type_conge_id:, :date_debut:, :date_fin:, :motif:, :statut:)', [...], false)
 2 SYSTEMPATH/Model.php(355): CodeIgniter\Database\BaseBuilder->insert()
 3 SYSTEMPATH/BaseModel.php(899): CodeIgniter\Model->doInsert([...])
 4 SYSTEMPATH/Model.php(668): CodeIgniter\BaseModel->insert([...], true)
 5 APPPATH/Models/CongeModel.php(103): CodeIgniter\Model->insert([...])
 6 APPPATH/Controllers/EmployeController.php(117): App\Models\CongeModel->createDemande([...])
 7 SYSTEMPATH/CodeIgniter.php(951): App\Controllers\EmployeController->store()
 8 SYSTEMPATH/CodeIgniter.php(497): CodeIgniter\CodeIgniter->runController(Object(App\Controllers\EmployeController))
 9 SYSTEMPATH/CodeIgniter.php(340): CodeIgniter\CodeIgniter->handleRequest(null, Object(Config\Cache), false)
10 SYSTEMPATH/Boot.php(417): CodeIgniter\CodeIgniter->run()
11 SYSTEMPATH/Boot.php(68): CodeIgniter\Boot::runCodeIgniter(Object(CodeIgniter\CodeIgniter))
12 FCPATH/index.php(59): CodeIgniter\Boot::bootWeb(Object(Config\Paths))
13 SYSTEMPATH/rewrite.php(44): require_once('/home/njary/Documents/S4/SI(Mr Rojo)/RH-Techmada/public/index.php')
CRITICAL - 2026-05-13 09:34:50 --> [Caused by] CodeIgniter\Database\Exceptions\DatabaseException: NOT NULL constraint failed: conges.nb_jours
in SYSTEMPATH/Database/SQLite3/Connection.php on line 174.
 1 SYSTEMPATH/Database/BaseConnection.php(910): CodeIgniter\Database\SQLite3\Connection->execute('INSERT INTO `conges` (`employe_id`, `type_conge_id`, `date_debut`, `date_fin`, `motif`, `statut`) VALUES (3, \'1\', \'2026-05-03\', \'2026-05-15\', \'asff\', \'en_attente\')')
 2 SYSTEMPATH/Database/BaseConnection.php(827): CodeIgniter\Database\BaseConnection->simpleQuery('INSERT INTO `conges` (`employe_id`, `type_conge_id`, `date_debut`, `date_fin`, `motif`, `statut`) VALUES (3, \'1\', \'2026-05-03\', \'2026-05-15\', \'asff\', \'en_attente\')')
 3 SYSTEMPATH/Database/BaseBuilder.php(2345): CodeIgniter\Database\BaseConnection->query('INSERT INTO `conges` (`employe_id`, `type_conge_id`, `date_debut`, `date_fin`, `motif`, `statut`) VALUES (:employe_id:, :type_conge_id:, :date_debut:, :date_fin:, :motif:, :statut:)', [...], false)
 4 SYSTEMPATH/Model.php(355): CodeIgniter\Database\BaseBuilder->insert()
 5 SYSTEMPATH/BaseModel.php(899): CodeIgniter\Model->doInsert([...])
 6 SYSTEMPATH/Model.php(668): CodeIgniter\BaseModel->insert([...], true)
 7 APPPATH/Models/CongeModel.php(103): CodeIgniter\Model->insert([...])
 8 APPPATH/Controllers/EmployeController.php(117): App\Models\CongeModel->createDemande([...])
 9 SYSTEMPATH/CodeIgniter.php(951): App\Controllers\EmployeController->store()
10 SYSTEMPATH/CodeIgniter.php(497): CodeIgniter\CodeIgniter->runController(Object(App\Controllers\EmployeController))
11 SYSTEMPATH/CodeIgniter.php(340): CodeIgniter\CodeIgniter->handleRequest(null, Object(Config\Cache), false)
12 SYSTEMPATH/Boot.php(417): CodeIgniter\CodeIgniter->run()
13 SYSTEMPATH/Boot.php(68): CodeIgniter\Boot::runCodeIgniter(Object(CodeIgniter\CodeIgniter))
14 FCPATH/index.php(59): CodeIgniter\Boot::bootWeb(Object(Config\Paths))
15 SYSTEMPATH/rewrite.php(44): require_once('/home/njary/Documents/S4/SI(Mr Rojo)/RH-Techmada/public/index.php')
CRITICAL - 2026-05-13 09:34:50 --> [Caused by] Exception: NOT NULL constraint failed: conges.nb_jours
in SYSTEMPATH/Database/SQLite3/Connection.php on line 163.
 1 SYSTEMPATH/Database/SQLite3/Connection.php(163): SQLite3->exec('INSERT INTO `conges` (`employe_id`, `type_conge_id`, `date_debut`, `date_fin`, `motif`, `statut`) VALUES (3, \'1\', \'2026-05-03\', \'2026-05-15\', \'asff\', \'en_attente\')')
 2 SYSTEMPATH/Database/BaseConnection.php(910): CodeIgniter\Database\SQLite3\Connection->execute('INSERT INTO `conges` (`employe_id`, `type_conge_id`, `date_debut`, `date_fin`, `motif`, `statut`) VALUES (3, \'1\', \'2026-05-03\', \'2026-05-15\', \'asff\', \'en_attente\')')
 3 SYSTEMPATH/Database/BaseConnection.php(827): CodeIgniter\Database\BaseConnection->simpleQuery('INSERT INTO `conges` (`employe_id`, `type_conge_id`, `date_debut`, `date_fin`, `motif`, `statut`) VALUES (3, \'1\', \'2026-05-03\', \'2026-05-15\', \'asff\', \'en_attente\')')
 4 SYSTEMPATH/Database/BaseBuilder.php(2345): CodeIgniter\Database\BaseConnection->query('INSERT INTO `conges` (`employe_id`, `type_conge_id`, `date_debut`, `date_fin`, `motif`, `statut`) VALUES (:employe_id:, :type_conge_id:, :date_debut:, :date_fin:, :motif:, :statut:)', [...], false)
 5 SYSTEMPATH/Model.php(355): CodeIgniter\Database\BaseBuilder->insert()
 6 SYSTEMPATH/BaseModel.php(899): CodeIgniter\Model->doInsert([...])
 7 SYSTEMPATH/Model.php(668): CodeIgniter\BaseModel->insert([...], true)
 8 APPPATH/Models/CongeModel.php(103): CodeIgniter\Model->insert([...])
 9 APPPATH/Controllers/EmployeController.php(117): App\Models\CongeModel->createDemande([...])
10 SYSTEMPATH/CodeIgniter.php(951): App\Controllers\EmployeController->store()
11 SYSTEMPATH/CodeIgniter.php(497): CodeIgniter\CodeIgniter->runController(Object(App\Controllers\EmployeController))
12 SYSTEMPATH/CodeIgniter.php(340): CodeIgniter\CodeIgniter->handleRequest(null, Object(Config\Cache), false)
13 SYSTEMPATH/Boot.php(417): CodeIgniter\CodeIgniter->run()
14 SYSTEMPATH/Boot.php(68): CodeIgniter\Boot::runCodeIgniter(Object(CodeIgniter\CodeIgniter))
15 FCPATH/index.php(59): CodeIgniter\Boot::bootWeb(Object(Config\Paths))
16 SYSTEMPATH/rewrite.php(44): require_once('/home/njary/Documents/S4/SI(Mr Rojo)/RH-Techmada/public/index.php')
ERROR - 2026-05-13 09:37:28 --> NOT NULL constraint failed: conges.nb_jours
in SYSTEMPATH/Database/SQLite3/Connection.php on line 163.
 1 SYSTEMPATH/Database/SQLite3/Connection.php(163): SQLite3->exec('INSERT INTO `conges` (`employe_id`, `type_conge_id`, `date_debut`, `date_fin`, `motif`, `statut`) VALUES (3, \'1\', \'2026-05-13\', \'2026-05-14\', \'MFGTH\', \'en_attente\')')
 2 SYSTEMPATH/Database/BaseConnection.php(910): CodeIgniter\Database\SQLite3\Connection->execute('INSERT INTO `conges` (`employe_id`, `type_conge_id`, `date_debut`, `date_fin`, `motif`, `statut`) VALUES (3, \'1\', \'2026-05-13\', \'2026-05-14\', \'MFGTH\', \'en_attente\')')
 3 SYSTEMPATH/Database/BaseConnection.php(827): CodeIgniter\Database\BaseConnection->simpleQuery('INSERT INTO `conges` (`employe_id`, `type_conge_id`, `date_debut`, `date_fin`, `motif`, `statut`) VALUES (3, \'1\', \'2026-05-13\', \'2026-05-14\', \'MFGTH\', \'en_attente\')')
 4 SYSTEMPATH/Database/BaseBuilder.php(2345): CodeIgniter\Database\BaseConnection->query('INSERT INTO `conges` (`employe_id`, `type_conge_id`, `date_debut`, `date_fin`, `motif`, `statut`) VALUES (:employe_id:, :type_conge_id:, :date_debut:, :date_fin:, :motif:, :statut:)', [...], false)
 5 SYSTEMPATH/Model.php(355): CodeIgniter\Database\BaseBuilder->insert()
 6 SYSTEMPATH/BaseModel.php(899): CodeIgniter\Model->doInsert([...])
 7 SYSTEMPATH/Model.php(668): CodeIgniter\BaseModel->insert([...], true)
 8 APPPATH/Models/CongeModel.php(103): CodeIgniter\Model->insert([...])
 9 APPPATH/Controllers/EmployeController.php(117): App\Models\CongeModel->createDemande([...])
10 SYSTEMPATH/CodeIgniter.php(951): App\Controllers\EmployeController->store()
11 SYSTEMPATH/CodeIgniter.php(497): CodeIgniter\CodeIgniter->runController(Object(App\Controllers\EmployeController))
12 SYSTEMPATH/CodeIgniter.php(340): CodeIgniter\CodeIgniter->handleRequest(null, Object(Config\Cache), false)
13 SYSTEMPATH/Boot.php(417): CodeIgniter\CodeIgniter->run()
14 SYSTEMPATH/Boot.php(68): CodeIgniter\Boot::runCodeIgniter(Object(CodeIgniter\CodeIgniter))
15 FCPATH/index.php(59): CodeIgniter\Boot::bootWeb(Object(Config\Paths))
16 SYSTEMPATH/rewrite.php(44): require_once('/home/njary/Documents/S4/SI(Mr Rojo)/RH-Techmada/public/index.php')
CRITICAL - 2026-05-13 09:37:28 --> CodeIgniter\Database\Exceptions\DatabaseException: NOT NULL constraint failed: conges.nb_jours
[Method: POST, Route: employe/demandes/new]
in SYSTEMPATH/Database/BaseConnection.php on line 865.
 1 SYSTEMPATH/Database/BaseBuilder.php(2345): CodeIgniter\Database\BaseConnection->query('INSERT INTO `conges` (`employe_id`, `type_conge_id`, `date_debut`, `date_fin`, `motif`, `statut`) VALUES (:employe_id:, :type_conge_id:, :date_debut:, :date_fin:, :motif:, :statut:)', [...], false)
 2 SYSTEMPATH/Model.php(355): CodeIgniter\Database\BaseBuilder->insert()
 3 SYSTEMPATH/BaseModel.php(899): CodeIgniter\Model->doInsert([...])
 4 SYSTEMPATH/Model.php(668): CodeIgniter\BaseModel->insert([...], true)
 5 APPPATH/Models/CongeModel.php(103): CodeIgniter\Model->insert([...])
 6 APPPATH/Controllers/EmployeController.php(117): App\Models\CongeModel->createDemande([...])
 7 SYSTEMPATH/CodeIgniter.php(951): App\Controllers\EmployeController->store()
 8 SYSTEMPATH/CodeIgniter.php(497): CodeIgniter\CodeIgniter->runController(Object(App\Controllers\EmployeController))
 9 SYSTEMPATH/CodeIgniter.php(340): CodeIgniter\CodeIgniter->handleRequest(null, Object(Config\Cache), false)
10 SYSTEMPATH/Boot.php(417): CodeIgniter\CodeIgniter->run()
11 SYSTEMPATH/Boot.php(68): CodeIgniter\Boot::runCodeIgniter(Object(CodeIgniter\CodeIgniter))
12 FCPATH/index.php(59): CodeIgniter\Boot::bootWeb(Object(Config\Paths))
13 SYSTEMPATH/rewrite.php(44): require_once('/home/njary/Documents/S4/SI(Mr Rojo)/RH-Techmada/public/index.php')
CRITICAL - 2026-05-13 09:37:28 --> [Caused by] CodeIgniter\Database\Exceptions\DatabaseException: NOT NULL constraint failed: conges.nb_jours
in SYSTEMPATH/Database/SQLite3/Connection.php on line 174.
 1 SYSTEMPATH/Database/BaseConnection.php(910): CodeIgniter\Database\SQLite3\Connection->execute('INSERT INTO `conges` (`employe_id`, `type_conge_id`, `date_debut`, `date_fin`, `motif`, `statut`) VALUES (3, \'1\', \'2026-05-13\', \'2026-05-14\', \'MFGTH\', \'en_attente\')')
 2 SYSTEMPATH/Database/BaseConnection.php(827): CodeIgniter\Database\BaseConnection->simpleQuery('INSERT INTO `conges` (`employe_id`, `type_conge_id`, `date_debut`, `date_fin`, `motif`, `statut`) VALUES (3, \'1\', \'2026-05-13\', \'2026-05-14\', \'MFGTH\', \'en_attente\')')
 3 SYSTEMPATH/Database/BaseBuilder.php(2345): CodeIgniter\Database\BaseConnection->query('INSERT INTO `conges` (`employe_id`, `type_conge_id`, `date_debut`, `date_fin`, `motif`, `statut`) VALUES (:employe_id:, :type_conge_id:, :date_debut:, :date_fin:, :motif:, :statut:)', [...], false)
 4 SYSTEMPATH/Model.php(355): CodeIgniter\Database\BaseBuilder->insert()
 5 SYSTEMPATH/BaseModel.php(899): CodeIgniter\Model->doInsert([...])
 6 SYSTEMPATH/Model.php(668): CodeIgniter\BaseModel->insert([...], true)
 7 APPPATH/Models/CongeModel.php(103): CodeIgniter\Model->insert([...])
 8 APPPATH/Controllers/EmployeController.php(117): App\Models\CongeModel->createDemande([...])
 9 SYSTEMPATH/CodeIgniter.php(951): App\Controllers\EmployeController->store()
10 SYSTEMPATH/CodeIgniter.php(497): CodeIgniter\CodeIgniter->runController(Object(App\Controllers\EmployeController))
11 SYSTEMPATH/CodeIgniter.php(340): CodeIgniter\CodeIgniter->handleRequest(null, Object(Config\Cache), false)
12 SYSTEMPATH/Boot.php(417): CodeIgniter\CodeIgniter->run()
13 SYSTEMPATH/Boot.php(68): CodeIgniter\Boot::runCodeIgniter(Object(CodeIgniter\CodeIgniter))
14 FCPATH/index.php(59): CodeIgniter\Boot::bootWeb(Object(Config\Paths))
15 SYSTEMPATH/rewrite.php(44): require_once('/home/njary/Documents/S4/SI(Mr Rojo)/RH-Techmada/public/index.php')
CRITICAL - 2026-05-13 09:37:28 --> [Caused by] Exception: NOT NULL constraint failed: conges.nb_jours
in SYSTEMPATH/Database/SQLite3/Connection.php on line 163.
 1 SYSTEMPATH/Database/SQLite3/Connection.php(163): SQLite3->exec('INSERT INTO `conges` (`employe_id`, `type_conge_id`, `date_debut`, `date_fin`, `motif`, `statut`) VALUES (3, \'1\', \'2026-05-13\', \'2026-05-14\', \'MFGTH\', \'en_attente\')')
 2 SYSTEMPATH/Database/BaseConnection.php(910): CodeIgniter\Database\SQLite3\Connection->execute('INSERT INTO `conges` (`employe_id`, `type_conge_id`, `date_debut`, `date_fin`, `motif`, `statut`) VALUES (3, \'1\', \'2026-05-13\', \'2026-05-14\', \'MFGTH\', \'en_attente\')')
 3 SYSTEMPATH/Database/BaseConnection.php(827): CodeIgniter\Database\BaseConnection->simpleQuery('INSERT INTO `conges` (`employe_id`, `type_conge_id`, `date_debut`, `date_fin`, `motif`, `statut`) VALUES (3, \'1\', \'2026-05-13\', \'2026-05-14\', \'MFGTH\', \'en_attente\')')
 4 SYSTEMPATH/Database/BaseBuilder.php(2345): CodeIgniter\Database\BaseConnection->query('INSERT INTO `conges` (`employe_id`, `type_conge_id`, `date_debut`, `date_fin`, `motif`, `statut`) VALUES (:employe_id:, :type_conge_id:, :date_debut:, :date_fin:, :motif:, :statut:)', [...], false)
 5 SYSTEMPATH/Model.php(355): CodeIgniter\Database\BaseBuilder->insert()
 6 SYSTEMPATH/BaseModel.php(899): CodeIgniter\Model->doInsert([...])
 7 SYSTEMPATH/Model.php(668): CodeIgniter\BaseModel->insert([...], true)
 8 APPPATH/Models/CongeModel.php(103): CodeIgniter\Model->insert([...])
 9 APPPATH/Controllers/EmployeController.php(117): App\Models\CongeModel->createDemande([...])
10 SYSTEMPATH/CodeIgniter.php(951): App\Controllers\EmployeController->store()
11 SYSTEMPATH/CodeIgniter.php(497): CodeIgniter\CodeIgniter->runController(Object(App\Controllers\EmployeController))
12 SYSTEMPATH/CodeIgniter.php(340): CodeIgniter\CodeIgniter->handleRequest(null, Object(Config\Cache), false)
13 SYSTEMPATH/Boot.php(417): CodeIgniter\CodeIgniter->run()
14 SYSTEMPATH/Boot.php(68): CodeIgniter\Boot::runCodeIgniter(Object(CodeIgniter\CodeIgniter))
15 FCPATH/index.php(59): CodeIgniter\Boot::bootWeb(Object(Config\Paths))
16 SYSTEMPATH/rewrite.php(44): require_once('/home/njary/Documents/S4/SI(Mr Rojo)/RH-Techmada/public/index.php')
CRITICAL - 2026-05-13 11:56:30 --> CodeIgniter\Cache\Exceptions\CacheException: Cache unable to write to "/home/njary/Documents/S4/SI(Mr Rojo)/RH-Techmada/writable/cache/".
[Method: GET, Route: /]
in SYSTEMPATH/Cache/Handlers/FileHandler.php on line 66.
 1 SYSTEMPATH/Cache/Handlers/FileHandler.php(66): CodeIgniter\Cache\Exceptions\CacheException::forUnableToWrite('/home/njary/Documents/S4/SI(Mr Rojo)/RH-Techmada/writable/cache/')
 2 SYSTEMPATH/Cache/CacheFactory.php(67): CodeIgniter\Cache\Handlers\FileHandler->__construct(Object(Config\Cache))
 3 SYSTEMPATH/Config/Services.php(129): CodeIgniter\Cache\CacheFactory::getHandler(Object(Config\Cache))
 4 SYSTEMPATH/Config/BaseService.php(325): CodeIgniter\Config\Services::cache(Object(Config\Cache), false)
 5 SYSTEMPATH/Config/BaseService.php(264): CodeIgniter\Config\BaseService::__callStatic('cache', [...])
 6 SYSTEMPATH/Config/Services.php(124): CodeIgniter\Config\BaseService::getSharedInstance('cache', null)
 7 SYSTEMPATH/Config/BaseService.php(334): CodeIgniter\Config\Services::cache()
 8 SYSTEMPATH/Config/BaseService.php(203): CodeIgniter\Config\BaseService::__callStatic('cache', [])
 9 SYSTEMPATH/Config/Services.php(454): CodeIgniter\Config\BaseService::get('cache')
10 SYSTEMPATH/Config/BaseService.php(325): CodeIgniter\Config\Services::responsecache(Object(Config\Cache), null, false)
11 SYSTEMPATH/Config/BaseService.php(264): CodeIgniter\Config\BaseService::__callStatic('responsecache', [...])
12 SYSTEMPATH/Config/Services.php(450): CodeIgniter\Config\BaseService::getSharedInstance('responsecache', null, null)
13 SYSTEMPATH/Config/BaseService.php(334): CodeIgniter\Config\Services::responsecache()
14 SYSTEMPATH/CodeIgniter.php(178): CodeIgniter\Config\BaseService::__callStatic('responsecache', [])
15 SYSTEMPATH/Config/Services.php(164): CodeIgniter\CodeIgniter->__construct(Object(Config\App))
16 SYSTEMPATH/Config/BaseService.php(325): CodeIgniter\Config\Services::codeigniter(Object(Config\App), false)
17 SYSTEMPATH/Config/BaseService.php(264): CodeIgniter\Config\BaseService::__callStatic('codeigniter', [...])
18 SYSTEMPATH/Config/Services.php(159): CodeIgniter\Config\BaseService::getSharedInstance('codeigniter', null)
19 SYSTEMPATH/Config/BaseService.php(334): CodeIgniter\Config\Services::codeigniter()
20 SYSTEMPATH/Config/BaseService.php(203): CodeIgniter\Config\BaseService::__callStatic('codeigniter', [])
21 SYSTEMPATH/Common.php(1078): CodeIgniter\Config\BaseService::get('codeigniter')
22 SYSTEMPATH/Boot.php(403): service('codeigniter')
23 SYSTEMPATH/Boot.php(163): CodeIgniter\Boot::initializeCodeIgniter()
24 ROOTPATH/spark(87): CodeIgniter\Boot::bootSpark(Object(Config\Paths))
CRITICAL - 2026-05-13 11:56:34 --> CodeIgniter\Cache\Exceptions\CacheException: Cache unable to write to "/home/njary/Documents/S4/SI(Mr Rojo)/RH-Techmada/writable/cache/".
[Method: GET, Route: /]
in SYSTEMPATH/Cache/Handlers/FileHandler.php on line 66.
 1 SYSTEMPATH/Cache/Handlers/FileHandler.php(66): CodeIgniter\Cache\Exceptions\CacheException::forUnableToWrite('/home/njary/Documents/S4/SI(Mr Rojo)/RH-Techmada/writable/cache/')
 2 SYSTEMPATH/Cache/CacheFactory.php(67): CodeIgniter\Cache\Handlers\FileHandler->__construct(Object(Config\Cache))
 3 SYSTEMPATH/Config/Services.php(129): CodeIgniter\Cache\CacheFactory::getHandler(Object(Config\Cache))
 4 SYSTEMPATH/Config/BaseService.php(325): CodeIgniter\Config\Services::cache(Object(Config\Cache), false)
 5 SYSTEMPATH/Config/BaseService.php(264): CodeIgniter\Config\BaseService::__callStatic('cache', [...])
 6 SYSTEMPATH/Config/Services.php(124): CodeIgniter\Config\BaseService::getSharedInstance('cache', null)
 7 SYSTEMPATH/Config/BaseService.php(334): CodeIgniter\Config\Services::cache()
 8 SYSTEMPATH/Config/BaseService.php(203): CodeIgniter\Config\BaseService::__callStatic('cache', [])
 9 SYSTEMPATH/Config/Services.php(454): CodeIgniter\Config\BaseService::get('cache')
10 SYSTEMPATH/Config/BaseService.php(325): CodeIgniter\Config\Services::responsecache(Object(Config\Cache), null, false)
11 SYSTEMPATH/Config/BaseService.php(264): CodeIgniter\Config\BaseService::__callStatic('responsecache', [...])
12 SYSTEMPATH/Config/Services.php(450): CodeIgniter\Config\BaseService::getSharedInstance('responsecache', null, null)
13 SYSTEMPATH/Config/BaseService.php(334): CodeIgniter\Config\Services::responsecache()
14 SYSTEMPATH/CodeIgniter.php(178): CodeIgniter\Config\BaseService::__callStatic('responsecache', [])
15 SYSTEMPATH/Config/Services.php(164): CodeIgniter\CodeIgniter->__construct(Object(Config\App))
16 SYSTEMPATH/Config/BaseService.php(325): CodeIgniter\Config\Services::codeigniter(Object(Config\App), false)
17 SYSTEMPATH/Config/BaseService.php(264): CodeIgniter\Config\BaseService::__callStatic('codeigniter', [...])
18 SYSTEMPATH/Config/Services.php(159): CodeIgniter\Config\BaseService::getSharedInstance('codeigniter', null)
19 SYSTEMPATH/Config/BaseService.php(334): CodeIgniter\Config\Services::codeigniter()
20 SYSTEMPATH/Config/BaseService.php(203): CodeIgniter\Config\BaseService::__callStatic('codeigniter', [])
21 SYSTEMPATH/Common.php(1078): CodeIgniter\Config\BaseService::get('codeigniter')
22 SYSTEMPATH/Boot.php(403): service('codeigniter')
23 SYSTEMPATH/Boot.php(163): CodeIgniter\Boot::initializeCodeIgniter()
24 ROOTPATH/spark(87): CodeIgniter\Boot::bootSpark(Object(Config\Paths))
CRITICAL - 2026-05-13 11:56:44 --> CodeIgniter\Cache\Exceptions\CacheException: Cache unable to write to "/home/njary/Documents/S4/SI(Mr Rojo)/RH-Techmada/writable/cache/".
[Method: GET, Route: /]
in SYSTEMPATH/Cache/Handlers/FileHandler.php on line 66.
 1 SYSTEMPATH/Cache/Handlers/FileHandler.php(66): CodeIgniter\Cache\Exceptions\CacheException::forUnableToWrite('/home/njary/Documents/S4/SI(Mr Rojo)/RH-Techmada/writable/cache/')
 2 SYSTEMPATH/Cache/CacheFactory.php(67): CodeIgniter\Cache\Handlers\FileHandler->__construct(Object(Config\Cache))
 3 SYSTEMPATH/Config/Services.php(129): CodeIgniter\Cache\CacheFactory::getHandler(Object(Config\Cache))
 4 SYSTEMPATH/Config/BaseService.php(325): CodeIgniter\Config\Services::cache(Object(Config\Cache), false)
 5 SYSTEMPATH/Config/BaseService.php(264): CodeIgniter\Config\BaseService::__callStatic('cache', [...])
 6 SYSTEMPATH/Config/Services.php(124): CodeIgniter\Config\BaseService::getSharedInstance('cache', null)
 7 SYSTEMPATH/Config/BaseService.php(334): CodeIgniter\Config\Services::cache()
 8 SYSTEMPATH/Config/BaseService.php(203): CodeIgniter\Config\BaseService::__callStatic('cache', [])
 9 SYSTEMPATH/Config/Services.php(454): CodeIgniter\Config\BaseService::get('cache')
10 SYSTEMPATH/Config/BaseService.php(325): CodeIgniter\Config\Services::responsecache(Object(Config\Cache), null, false)
11 SYSTEMPATH/Config/BaseService.php(264): CodeIgniter\Config\BaseService::__callStatic('responsecache', [...])
12 SYSTEMPATH/Config/Services.php(450): CodeIgniter\Config\BaseService::getSharedInstance('responsecache', null, null)
13 SYSTEMPATH/Config/BaseService.php(334): CodeIgniter\Config\Services::responsecache()
14 SYSTEMPATH/CodeIgniter.php(178): CodeIgniter\Config\BaseService::__callStatic('responsecache', [])
15 SYSTEMPATH/Config/Services.php(164): CodeIgniter\CodeIgniter->__construct(Object(Config\App))
16 SYSTEMPATH/Config/BaseService.php(325): CodeIgniter\Config\Services::codeigniter(Object(Config\App), false)
17 SYSTEMPATH/Config/BaseService.php(264): CodeIgniter\Config\BaseService::__callStatic('codeigniter', [...])
18 SYSTEMPATH/Config/Services.php(159): CodeIgniter\Config\BaseService::getSharedInstance('codeigniter', null)
19 SYSTEMPATH/Config/BaseService.php(334): CodeIgniter\Config\Services::codeigniter()
20 SYSTEMPATH/Config/BaseService.php(203): CodeIgniter\Config\BaseService::__callStatic('codeigniter', [])
21 SYSTEMPATH/Common.php(1078): CodeIgniter\Config\BaseService::get('codeigniter')
22 SYSTEMPATH/Boot.php(403): service('codeigniter')
23 SYSTEMPATH/Boot.php(163): CodeIgniter\Boot::initializeCodeIgniter()
24 ROOTPATH/spark(87): CodeIgniter\Boot::bootSpark(Object(Config\Paths))
CRITICAL - 2026-05-13 11:57:00 --> CodeIgniter\Cache\Exceptions\CacheException: Cache unable to write to "/home/njary/Documents/S4/SI(Mr Rojo)/RH-Techmada/writable/cache/".
[Method: GET, Route: /]
in SYSTEMPATH/Cache/Handlers/FileHandler.php on line 66.
 1 SYSTEMPATH/Cache/Handlers/FileHandler.php(66): CodeIgniter\Cache\Exceptions\CacheException::forUnableToWrite('/home/njary/Documents/S4/SI(Mr Rojo)/RH-Techmada/writable/cache/')
 2 SYSTEMPATH/Cache/CacheFactory.php(67): CodeIgniter\Cache\Handlers\FileHandler->__construct(Object(Config\Cache))
 3 SYSTEMPATH/Config/Services.php(129): CodeIgniter\Cache\CacheFactory::getHandler(Object(Config\Cache))
 4 SYSTEMPATH/Config/BaseService.php(325): CodeIgniter\Config\Services::cache(Object(Config\Cache), false)
 5 SYSTEMPATH/Config/BaseService.php(264): CodeIgniter\Config\BaseService::__callStatic('cache', [...])
 6 SYSTEMPATH/Config/Services.php(124): CodeIgniter\Config\BaseService::getSharedInstance('cache', null)
 7 SYSTEMPATH/Config/BaseService.php(334): CodeIgniter\Config\Services::cache()
 8 SYSTEMPATH/Config/BaseService.php(203): CodeIgniter\Config\BaseService::__callStatic('cache', [])
 9 SYSTEMPATH/Config/Services.php(454): CodeIgniter\Config\BaseService::get('cache')
10 SYSTEMPATH/Config/BaseService.php(325): CodeIgniter\Config\Services::responsecache(Object(Config\Cache), null, false)
11 SYSTEMPATH/Config/BaseService.php(264): CodeIgniter\Config\BaseService::__callStatic('responsecache', [...])
12 SYSTEMPATH/Config/Services.php(450): CodeIgniter\Config\BaseService::getSharedInstance('responsecache', null, null)
13 SYSTEMPATH/Config/BaseService.php(334): CodeIgniter\Config\Services::responsecache()
14 SYSTEMPATH/CodeIgniter.php(178): CodeIgniter\Config\BaseService::__callStatic('responsecache', [])
15 SYSTEMPATH/Config/Services.php(164): CodeIgniter\CodeIgniter->__construct(Object(Config\App))
16 SYSTEMPATH/Config/BaseService.php(325): CodeIgniter\Config\Services::codeigniter(Object(Config\App), false)
17 SYSTEMPATH/Config/BaseService.php(264): CodeIgniter\Config\BaseService::__callStatic('codeigniter', [...])
18 SYSTEMPATH/Config/Services.php(159): CodeIgniter\Config\BaseService::getSharedInstance('codeigniter', null)
19 SYSTEMPATH/Config/BaseService.php(334): CodeIgniter\Config\Services::codeigniter()
20 SYSTEMPATH/Config/BaseService.php(203): CodeIgniter\Config\BaseService::__callStatic('codeigniter', [])
21 SYSTEMPATH/Common.php(1078): CodeIgniter\Config\BaseService::get('codeigniter')
22 SYSTEMPATH/Boot.php(403): service('codeigniter')
23 SYSTEMPATH/Boot.php(163): CodeIgniter\Boot::initializeCodeIgniter()
24 ROOTPATH/spark(87): CodeIgniter\Boot::bootSpark(Object(Config\Paths))
CRITICAL - 2026-05-13 11:57:37 --> CodeIgniter\Cache\Exceptions\CacheException: Cache unable to write to "/home/njary/Documents/S4/SI(Mr Rojo)/RH-Techmada/writable/cache/".
[Method: GET, Route: /]
in SYSTEMPATH/Cache/Handlers/FileHandler.php on line 66.
 1 SYSTEMPATH/Cache/Handlers/FileHandler.php(66): CodeIgniter\Cache\Exceptions\CacheException::forUnableToWrite('/home/njary/Documents/S4/SI(Mr Rojo)/RH-Techmada/writable/cache/')
 2 SYSTEMPATH/Cache/CacheFactory.php(67): CodeIgniter\Cache\Handlers\FileHandler->__construct(Object(Config\Cache))
 3 SYSTEMPATH/Config/Services.php(129): CodeIgniter\Cache\CacheFactory::getHandler(Object(Config\Cache))
 4 SYSTEMPATH/Config/BaseService.php(325): CodeIgniter\Config\Services::cache(Object(Config\Cache), false)
 5 SYSTEMPATH/Config/BaseService.php(264): CodeIgniter\Config\BaseService::__callStatic('cache', [...])
 6 SYSTEMPATH/Config/Services.php(124): CodeIgniter\Config\BaseService::getSharedInstance('cache', null)
 7 SYSTEMPATH/Config/BaseService.php(334): CodeIgniter\Config\Services::cache()
 8 SYSTEMPATH/Config/BaseService.php(203): CodeIgniter\Config\BaseService::__callStatic('cache', [])
 9 SYSTEMPATH/Config/Services.php(454): CodeIgniter\Config\BaseService::get('cache')
10 SYSTEMPATH/Config/BaseService.php(325): CodeIgniter\Config\Services::responsecache(Object(Config\Cache), null, false)
11 SYSTEMPATH/Config/BaseService.php(264): CodeIgniter\Config\BaseService::__callStatic('responsecache', [...])
12 SYSTEMPATH/Config/Services.php(450): CodeIgniter\Config\BaseService::getSharedInstance('responsecache', null, null)
13 SYSTEMPATH/Config/BaseService.php(334): CodeIgniter\Config\Services::responsecache()
14 SYSTEMPATH/CodeIgniter.php(178): CodeIgniter\Config\BaseService::__callStatic('responsecache', [])
15 SYSTEMPATH/Config/Services.php(164): CodeIgniter\CodeIgniter->__construct(Object(Config\App))
16 SYSTEMPATH/Config/BaseService.php(325): CodeIgniter\Config\Services::codeigniter(Object(Config\App), false)
17 SYSTEMPATH/Config/BaseService.php(264): CodeIgniter\Config\BaseService::__callStatic('codeigniter', [...])
18 SYSTEMPATH/Config/Services.php(159): CodeIgniter\Config\BaseService::getSharedInstance('codeigniter', null)
19 SYSTEMPATH/Config/BaseService.php(334): CodeIgniter\Config\Services::codeigniter()
20 SYSTEMPATH/Config/BaseService.php(203): CodeIgniter\Config\BaseService::__callStatic('codeigniter', [])
21 SYSTEMPATH/Common.php(1078): CodeIgniter\Config\BaseService::get('codeigniter')
22 SYSTEMPATH/Boot.php(403): service('codeigniter')
23 SYSTEMPATH/Boot.php(163): CodeIgniter\Boot::initializeCodeIgniter()
24 ROOTPATH/spark(87): CodeIgniter\Boot::bootSpark(Object(Config\Paths))
CRITICAL - 2026-05-13 10:06:11 --> Error: Call to undefined method CodeIgniter\Database\SQLite3\Builder::first()
[Method: GET, Route: admin/employes/1/edit]
in APPPATH/Controllers/AdminController.php on line 191.
 1 SYSTEMPATH/CodeIgniter.php(951): App\Controllers\AdminController->editEmploye('1')
 2 SYSTEMPATH/CodeIgniter.php(497): CodeIgniter\CodeIgniter->runController(Object(App\Controllers\AdminController))
 3 SYSTEMPATH/CodeIgniter.php(340): CodeIgniter\CodeIgniter->handleRequest(null, Object(Config\Cache), false)
 4 SYSTEMPATH/Boot.php(417): CodeIgniter\CodeIgniter->run()
 5 SYSTEMPATH/Boot.php(68): CodeIgniter\Boot::runCodeIgniter(Object(CodeIgniter\CodeIgniter))
 6 FCPATH/index.php(59): CodeIgniter\Boot::bootWeb(Object(Config\Paths))
 7 SYSTEMPATH/rewrite.php(44): require_once('/home/njary/Documents/S4/SI(Mr Rojo)/RH-Techmada/public/index.php')
CRITICAL - 2026-05-13 10:06:36 --> Error: Call to undefined method CodeIgniter\Database\SQLite3\Builder::first()
[Method: POST, Route: admin/employes/1/deactivate]
in APPPATH/Controllers/AdminController.php on line 269.
 1 SYSTEMPATH/CodeIgniter.php(951): App\Controllers\AdminController->deactivateEmploye('1')
 2 SYSTEMPATH/CodeIgniter.php(497): CodeIgniter\CodeIgniter->runController(Object(App\Controllers\AdminController))
 3 SYSTEMPATH/CodeIgniter.php(340): CodeIgniter\CodeIgniter->handleRequest(null, Object(Config\Cache), false)
 4 SYSTEMPATH/Boot.php(417): CodeIgniter\CodeIgniter->run()
 5 SYSTEMPATH/Boot.php(68): CodeIgniter\Boot::runCodeIgniter(Object(CodeIgniter\CodeIgniter))
 6 FCPATH/index.php(59): CodeIgniter\Boot::bootWeb(Object(Config\Paths))
 7 SYSTEMPATH/rewrite.php(44): require_once('/home/njary/Documents/S4/SI(Mr Rojo)/RH-Techmada/public/index.php')
